NodeName: Entry[13] Successors: [SuperConstructorAccess[21]]
NodeName: SuperConstructorAccess[21] Successors: [Implicit[13]]
NodeName: Implicit[13] Successors: [Exit[13]]
NodeName: Exit[13] Successors: []
NodeName: Entry[21] Successors: [SuperConstructorAccess[33]]
NodeName: SuperConstructorAccess[33] Successors: [Implicit[21]]
NodeName: Implicit[21] Successors: [Exit[21]]
NodeName: Exit[21] Successors: []

NodeName: Exit[13] Predecessor: [Implicit[13]]
NodeName: Implicit[13] Predecessor: [SuperConstructorAccess[21]]
NodeName: SuperConstructorAccess[21] Predecessor: [Entry[13]]
NodeName: Entry[13] Predecessor: []
NodeName: Exit[21] Predecessor: [Implicit[21]]
NodeName: Implicit[21] Predecessor: [SuperConstructorAccess[33]]
NodeName: SuperConstructorAccess[33] Predecessor: [Entry[21]]
NodeName: Entry[21] Predecessor: []
