NodeName: Entry[13] Successors: [VariableDeclarator[43]]
NodeName: VariableDeclarator[43] Successors: [VarAccess[54]]
NodeName: VarAccess[54] Successors: [IntegerLiteral[55]]
NodeName: IntegerLiteral[55] Successors: [GTExpr[53]]
NodeName: GTExpr[53] Successors: [LogNotExpr[51]]
NodeName: LogNotExpr[51] Successors: [VarAccess[59], VarAccess[63]]
NodeName: VarAccess[59] Successors: [IntegerLiteral[60]]
NodeName: IntegerLiteral[60] Successors: [GTExpr[58]]
NodeName: GTExpr[58] Successors: [LogNotExpr[56]]
NodeName: LogNotExpr[56] Successors: [AssignSimpleExpr[47], VarAccess[63]]
NodeName: AssignSimpleExpr[47] Successors: [Exit[36]]
NodeName: Exit[36] Successors: []
NodeName: VarAccess[63] Successors: [IntegerLiteral[64]]
NodeName: IntegerLiteral[64] Successors: [GTExpr[62]]
NodeName: GTExpr[62] Successors: [VarAccess[66], AssignSimpleExpr[47]]
NodeName: VarAccess[66] Successors: [IntegerLiteral[67]]
NodeName: IntegerLiteral[67] Successors: [GTExpr[65]]
NodeName: GTExpr[65] Successors: [AssignSimpleExpr[47]]

NodeName: Exit[36] Predecessor: [AssignSimpleExpr[47]]
NodeName: AssignSimpleExpr[47] Predecessor: [LogNotExpr[56], GTExpr[62], GTExpr[65]]
NodeName: LogNotExpr[56] Predecessor: [GTExpr[58]]
NodeName: GTExpr[58] Predecessor: [IntegerLiteral[60]]
NodeName: IntegerLiteral[60] Predecessor: [VarAccess[59]]
NodeName: VarAccess[59] Predecessor: [LogNotExpr[51]]
NodeName: LogNotExpr[51] Predecessor: [GTExpr[53]]
NodeName: GTExpr[53] Predecessor: [IntegerLiteral[55]]
NodeName: IntegerLiteral[55] Predecessor: [VarAccess[54]]
NodeName: VarAccess[54] Predecessor: [VariableDeclarator[43]]
NodeName: VariableDeclarator[43] Predecessor: [Entry[13]]
NodeName: Entry[13] Predecessor: []
NodeName: GTExpr[62] Predecessor: [IntegerLiteral[64]]
NodeName: IntegerLiteral[64] Predecessor: [VarAccess[63]]
NodeName: VarAccess[63] Predecessor: [LogNotExpr[51], LogNotExpr[56]]
NodeName: GTExpr[65] Predecessor: [IntegerLiteral[67]]
NodeName: IntegerLiteral[67] Predecessor: [VarAccess[66]]
NodeName: VarAccess[66] Predecessor: [GTExpr[62]]
