NodeName: Entry[14] Successors: [ClassInstanceExpr[34]]
NodeName: ClassInstanceExpr[34] Successors: [VariableDeclarator[31]]
NodeName: VariableDeclarator[31] Successors: [VarAccess[50]]
NodeName: VarAccess[50] Successors: [VariableDeclarator[47], VariableDeclarator[117]]
NodeName: VariableDeclarator[47] Successors: [IntegerLiteral[61]]
NodeName: IntegerLiteral[61] Successors: [VariableDeclarator[58]]
NodeName: VariableDeclarator[58] Successors: [VarAccess[67]]
NodeName: VarAccess[67] Successors: [StringLiteral[71]]
NodeName: StringLiteral[71] Successors: [MethodAccess[68]]
NodeName: MethodAccess[68] Successors: [UncheckedExceptions[75], UncheckedExceptions[102]]
NodeName: UncheckedExceptions[75] Successors: [VariableDeclarator[85]]
NodeName: VariableDeclarator[85] Successors: [VarAccess[50], Exit[21]]
NodeName: Exit[21] Successors: []
NodeName: UncheckedExceptions[102] Successors: [VariableDeclarator[99]]
NodeName: VariableDeclarator[99] Successors: [IntegerLiteral[111], Exit[21]]
NodeName: IntegerLiteral[111] Successors: [VariableDeclarator[108]]
NodeName: VariableDeclarator[108] Successors: [VarAccess[50]]
NodeName: VariableDeclarator[117] Successors: [Exit[21]]

NodeName: Exit[21] Predecessor: [VariableDeclarator[85], VariableDeclarator[99], VariableDeclarator[117]]
NodeName: VariableDeclarator[85] Predecessor: [UncheckedExceptions[75]]
NodeName: UncheckedExceptions[75] Predecessor: [MethodAccess[68]]
NodeName: MethodAccess[68] Predecessor: [StringLiteral[71]]
NodeName: StringLiteral[71] Predecessor: [VarAccess[67]]
NodeName: VarAccess[67] Predecessor: [VariableDeclarator[58]]
NodeName: VariableDeclarator[58] Predecessor: [IntegerLiteral[61]]
NodeName: IntegerLiteral[61] Predecessor: [VariableDeclarator[47]]
NodeName: VariableDeclarator[47] Predecessor: [VarAccess[50]]
NodeName: VarAccess[50] Predecessor: [VariableDeclarator[31], VariableDeclarator[85], VariableDeclarator[108]]
NodeName: VariableDeclarator[31] Predecessor: [ClassInstanceExpr[34]]
NodeName: ClassInstanceExpr[34] Predecessor: [Entry[14]]
NodeName: Entry[14] Predecessor: []
NodeName: VariableDeclarator[108] Predecessor: [IntegerLiteral[111]]
NodeName: IntegerLiteral[111] Predecessor: [VariableDeclarator[99]]
NodeName: VariableDeclarator[99] Predecessor: [UncheckedExceptions[102]]
NodeName: UncheckedExceptions[102] Predecessor: [MethodAccess[68]]
NodeName: VariableDeclarator[117] Predecessor: [VarAccess[50]]
