NodeName: Entry[13] Successors: [TypeAccess[26]]
NodeName: TypeAccess[26] Successors: [VarAccess[27]]
NodeName: VarAccess[27] Successors: [MethodAccess[31]]
NodeName: MethodAccess[31] Successors: [MethodAccess[28]]
NodeName: MethodAccess[28] Successors: [Exit[21]]
NodeName: Exit[21] Successors: []
NodeName: Entry[39] Successors: [BooleanLiteral[51]]
NodeName: BooleanLiteral[51] Successors: [ReturnStmt[49]]
NodeName: ReturnStmt[49] Successors: [Exit[47]]
NodeName: Exit[47] Successors: []

NodeName: Exit[21] Predecessor: [MethodAccess[28]]
NodeName: MethodAccess[28] Predecessor: [MethodAccess[31]]
NodeName: MethodAccess[31] Predecessor: [VarAccess[27]]
NodeName: VarAccess[27] Predecessor: [TypeAccess[26]]
NodeName: TypeAccess[26] Predecessor: [Entry[13]]
NodeName: Entry[13] Predecessor: []
NodeName: Exit[47] Predecessor: [ReturnStmt[49]]
NodeName: ReturnStmt[49] Predecessor: [BooleanLiteral[51]]
NodeName: BooleanLiteral[51] Predecessor: [Entry[39]]
NodeName: Entry[39] Predecessor: []
