NodeName: Entry[13] Successors: [IntegerLiteral[30]]
NodeName: IntegerLiteral[30] Successors: [VariableDeclarator[27]]
NodeName: VariableDeclarator[27] Successors: [IntegerLiteral[34]]
NodeName: IntegerLiteral[34] Successors: [AssignSimpleExpr[32]]
NodeName: AssignSimpleExpr[32] Successors: [ConstCase[37]]
NodeName: ConstCase[37] Successors: [IntegerLiteral[44], IntegerLiteral[47]]
NodeName: IntegerLiteral[44] Successors: [AssignSimpleExpr[42]]
NodeName: AssignSimpleExpr[42] Successors: [IntegerLiteral[52]]
NodeName: IntegerLiteral[52] Successors: [AssignSimpleExpr[50]]
NodeName: AssignSimpleExpr[50] Successors: [IntegerLiteral[56]]
NodeName: IntegerLiteral[56] Successors: [AssignSimpleExpr[54]]
NodeName: AssignSimpleExpr[54] Successors: [DefaultCase[57]]
NodeName: DefaultCase[57] Successors: [IntegerLiteral[61]]
NodeName: IntegerLiteral[61] Successors: [AssignSimpleExpr[59]]
NodeName: AssignSimpleExpr[59] Successors: [Exit[20]]
NodeName: Exit[20] Successors: []
NodeName: IntegerLiteral[47] Successors: [IntegerLiteral[48]]
NodeName: IntegerLiteral[48] Successors: [AddExpr[46]]
NodeName: AddExpr[46] Successors: [ConstCase[45]]
NodeName: ConstCase[45] Successors: [IntegerLiteral[52], DefaultCase[57]]

NodeName: Exit[20] Predecessor: [AssignSimpleExpr[59]]
NodeName: AssignSimpleExpr[59] Predecessor: [IntegerLiteral[61]]
NodeName: IntegerLiteral[61] Predecessor: [DefaultCase[57]]
NodeName: DefaultCase[57] Predecessor: [ConstCase[45], AssignSimpleExpr[54]]
NodeName: ConstCase[45] Predecessor: [AddExpr[46]]
NodeName: AddExpr[46] Predecessor: [IntegerLiteral[48]]
NodeName: IntegerLiteral[48] Predecessor: [IntegerLiteral[47]]
NodeName: IntegerLiteral[47] Predecessor: [ConstCase[37]]
NodeName: ConstCase[37] Predecessor: [AssignSimpleExpr[32]]
NodeName: AssignSimpleExpr[32] Predecessor: [IntegerLiteral[34]]
NodeName: IntegerLiteral[34] Predecessor: [VariableDeclarator[27]]
NodeName: VariableDeclarator[27] Predecessor: [IntegerLiteral[30]]
NodeName: IntegerLiteral[30] Predecessor: [Entry[13]]
NodeName: Entry[13] Predecessor: []
NodeName: AssignSimpleExpr[54] Predecessor: [IntegerLiteral[56]]
NodeName: IntegerLiteral[56] Predecessor: [AssignSimpleExpr[50]]
NodeName: AssignSimpleExpr[50] Predecessor: [IntegerLiteral[52]]
NodeName: IntegerLiteral[52] Predecessor: [AssignSimpleExpr[42], ConstCase[45]]
NodeName: AssignSimpleExpr[42] Predecessor: [IntegerLiteral[44]]
NodeName: IntegerLiteral[44] Predecessor: [ConstCase[37]]
