NodeName: Entry[19] Successors: [ClassInstanceExpr[39]]
NodeName: ClassInstanceExpr[39] Successors: [ResourceDeclaration[31]]
NodeName: ResourceDeclaration[31] Successors: [VarAccess[67]]
NodeName: VarAccess[67] Successors: [ClassInstanceExpr[64]]
NodeName: ClassInstanceExpr[64] Successors: [ResourceDeclaration[52]]
NodeName: ResourceDeclaration[52] Successors: [VarAccess[78]]
NodeName: VarAccess[78] Successors: [MethodAccess[79]]
NodeName: MethodAccess[79] Successors: [MethodAccess[53], NTACloseResource[83]]
NodeName: MethodAccess[53] Successors: [UncheckedExceptions[94], NTACloseResource[57]]
NodeName: UncheckedExceptions[94] Successors: [MethodAccess[32]]
NodeName: MethodAccess[32] Successors: [UncheckedExceptions[136], UncheckedExceptions[33]]
NodeName: UncheckedExceptions[136] Successors: [VariableDeclarator[133]]
NodeName: VariableDeclarator[133] Successors: [Exit[27]]
NodeName: Exit[27] Successors: []
NodeName: UncheckedExceptions[33] Successors: [ParameterDeclaration[97], VariableDeclarator[133]]
NodeName: ParameterDeclaration[97] Successors: [ThrowStmt[103]]
NodeName: ThrowStmt[103] Successors: [ClassInstanceExpr[105]]
NodeName: ClassInstanceExpr[105] Successors: [UncheckedExceptions[104]]
NodeName: UncheckedExceptions[104] Successors: [VariableDeclarator[121]]
NodeName: VariableDeclarator[121] Successors: [Exit[27]]
NodeName: NTACloseResource[57] Successors: [UncheckedExceptions[54]]
NodeName: UncheckedExceptions[54] Successors: [ParameterDeclaration[97], VariableDeclarator[133]]
NodeName: NTACloseResource[83] Successors: [NTACloseResource[87]]
NodeName: NTACloseResource[87] Successors: [UncheckedExceptions[80]]
NodeName: UncheckedExceptions[80] Successors: [ParameterDeclaration[97], VariableDeclarator[133]]

NodeName: Exit[27] Predecessor: [VariableDeclarator[121], VariableDeclarator[133]]
NodeName: VariableDeclarator[121] Predecessor: [UncheckedExceptions[104]]
NodeName: UncheckedExceptions[104] Predecessor: [ClassInstanceExpr[105]]
NodeName: ClassInstanceExpr[105] Predecessor: [ThrowStmt[103]]
NodeName: ThrowStmt[103] Predecessor: [ParameterDeclaration[97]]
NodeName: ParameterDeclaration[97] Predecessor: [UncheckedExceptions[33], UncheckedExceptions[54], UncheckedExceptions[80]]
NodeName: UncheckedExceptions[33] Predecessor: [MethodAccess[32]]
NodeName: MethodAccess[32] Predecessor: [UncheckedExceptions[94]]
NodeName: UncheckedExceptions[94] Predecessor: [MethodAccess[53]]
NodeName: MethodAccess[53] Predecessor: [MethodAccess[79]]
NodeName: MethodAccess[79] Predecessor: [VarAccess[78]]
NodeName: VarAccess[78] Predecessor: [ResourceDeclaration[52]]
NodeName: ResourceDeclaration[52] Predecessor: [ClassInstanceExpr[64]]
NodeName: ClassInstanceExpr[64] Predecessor: [VarAccess[67]]
NodeName: VarAccess[67] Predecessor: [ResourceDeclaration[31]]
NodeName: ResourceDeclaration[31] Predecessor: [ClassInstanceExpr[39]]
NodeName: ClassInstanceExpr[39] Predecessor: [Entry[19]]
NodeName: Entry[19] Predecessor: []
NodeName: UncheckedExceptions[54] Predecessor: [NTACloseResource[57]]
NodeName: NTACloseResource[57] Predecessor: [MethodAccess[53]]
NodeName: UncheckedExceptions[80] Predecessor: [NTACloseResource[87]]
NodeName: NTACloseResource[87] Predecessor: [NTACloseResource[83]]
NodeName: NTACloseResource[83] Predecessor: [MethodAccess[79]]
NodeName: VariableDeclarator[133] Predecessor: [UncheckedExceptions[136], UncheckedExceptions[33], UncheckedExceptions[54], UncheckedExceptions[80]]
NodeName: UncheckedExceptions[136] Predecessor: [MethodAccess[32]]
